// Jest Snapshot v1, https://goo.gl/fbAQLP

exports[`Login component renders the login form 1`] = `
<div>
  <div
    class="flex min-h-full flex-col justify-center py-12 sm:px-6 lg:px-8"
  >
    <div
      class="sm:mx-auto sm:w-full sm:max-w-md"
    >
      <img
        alt="Your Company"
        class="mx-auto h-32 w-auto"
        src="logo-shape.png"
      />
      <h2
        class="mt-6 text-center text-3xl font-bold tracking-tight text-gray-900"
      >
        Log in to your account
      </h2>
    </div>
    <div
      class="mt-8 sm:mx-auto sm:w-full sm:max-w-md"
    >
      <div
        class="bg-white py-8 px-4 shadow sm:rounded-lg sm:px-10"
      >
        <form
          action="#"
          class="space-y-6"
          method="POST"
        >
          <div>
            <label
              class="block text-sm font-medium text-gray-700"
              for="email"
            >
              Email address
            </label>
            <div
              class="mt-1"
            >
              <input
                autocomplete="email"
                class="block w-full appearance-none rounded-md border border-gray-300 px-3 py-2 placeholder-gray-400 shadow-sm focus:border-rose-500 focus:outline-none focus:ring-rose-500 sm:text-sm"
                data-testid="email"
                id="email"
                name="email"
                required=""
                type="email"
                value=""
              />
            </div>
          </div>
          <div>
            <label
              class="block text-sm font-medium text-gray-700"
              for="password"
            >
              Password
            </label>
            <div
              class="mt-1"
            >
              <input
                autocomplete="current-password"
                class="block w-full appearance-none rounded-md border border-gray-300 px-3 py-2 placeholder-gray-400 shadow-sm focus:border-rose-500 focus:outline-none focus:ring-rose-500 sm:text-sm"
                data-testid="password"
                id="password"
                name="password"
                required=""
                type="password"
                value=""
              />
            </div>
          </div>
          <div
            class="flex items-center justify-between"
          >
            <div
              class="text-sm"
            >
              <a
                class="font-medium text-rose-600 hover:text-rose-500"
                href="/"
              >
                Go back?
              </a>
            </div>
          </div>
          <div>
            <button
              class="flex w-full justify-center rounded-md border border-transparent bg-rose-500 py-2 px-4 text-sm font-medium text-white shadow-sm hover:bg-rose-600 focus:outline-none focus:ring-2 focus:ring-rose-500 focus:ring-offset-2"
              data-testid="sign-in-button"
              type="submit"
            >
              Sign in
            </button>
          </div>
          <div
            class="mt-2"
            data-testid="login-error-message"
          />
        </form>
      </div>
    </div>
  </div>
  <footer
    class="mt-24 sm:mt-6 text-center flex justify-center"
  >
    <div
      class="mx-auto max-w-md overflow-hidden py-12 px-6 sm:max-w-3xl lg:max-w-7xl lg:px-8"
    >
      <div
        class="mt-8 flex justify-center space-x-6"
      >
        <a
          href="https://www.solenersync.net/dashboard"
          rel="noopener noreferrer"
        >
          <img
            alt="Solenersync"
            class="md:h-20 h-16 w-auto"
            src="logo-small.png"
          />
        </a>
      </div>
      <p
        class="mt-8 text-center text-base text-gray-400"
      >
        Â© 2022 Solenersync. All rights reserved.
      </p>
    </div>
  </footer>
</div>
`;
