// Jest Snapshot v1, https://goo.gl/fbAQLP

exports[`Profile page renders the profile page 1`] = `
<div>
  <form
    action="#"
    class="mt-12 px-6 lg:px-8"
    method="POST"
  >
    <div
      class="space-y-8 divide-y divide-gray-200 sm:space-y-5"
    >
      <div
        class="space-y-6 pt-8 sm:space-y-5 sm:pt-10"
      >
        <div>
          <h3
            class="text-lg font-medium leading-6 text-gray-900"
          >
            Personal Information
          </h3>
        </div>
        <div
          class="space-y-6 sm:space-y-5"
        >
          <div
            class="sm:grid sm:grid-cols-3 sm:items-start sm:gap-4 sm:border-t sm:border-gray-200 sm:pt-5"
          >
            <label
              class="block text-sm font-medium text-gray-700 sm:mt-px sm:pt-2"
              for="name"
            >
              Name
            </label>
            <div
              class="mt-1 sm:col-span-2 sm:mt-0"
            >
              <input
                autocomplete="given-name"
                class="block w-full max-w-lg rounded-md border-gray-300 shadow-sm focus:border-rose-500 focus:ring-rose-500 sm:max-w-xs sm:text-sm"
                id="name"
                name="name"
                type="text"
                value="John Doe"
              />
            </div>
          </div>
          <div
            class="sm:grid sm:grid-cols-3 sm:items-start sm:gap-4 sm:border-t sm:border-gray-200 sm:pt-5"
          >
            <label
              class="block text-sm font-medium text-gray-700 sm:mt-px sm:pt-2"
              for="email"
            >
              Email address
            </label>
            <div
              class="mt-1 sm:col-span-2 sm:mt-0"
            >
              <input
                autocomplete="email"
                class="block w-full appearance-none rounded-md border border-gray-300 px-3 py-2 placeholder-gray-400 shadow-sm cursor-not-allowed focus:outline-none sm:text-sm"
                disabled=""
                id="email"
                name="email"
                type="text"
                value="jd@test.com"
              />
            </div>
          </div>
        </div>
      </div>
    </div>
    <div
      class="pt-5"
    >
      <div
        class="flex justify-end"
      >
        <a
          href="/dashboard"
        >
          <button
            class="rounded-md border border-gray-300 bg-white py-2 px-4 text-sm font-medium text-gray-700 shadow-sm hover:bg-gray-50 focus:outline-none focus:ring-2 focus:ring-rose-500 focus:ring-offset-2"
            type="button"
          >
            Cancel
          </button>
        </a>
        <button
          class="ml-3 inline-flex justify-center rounded-md border border-transparent bg-rose-600 py-2 px-4 text-sm font-medium text-white shadow-sm hover:bg-rose-700 focus:outline-none focus:ring-2 focus:ring-rose-500 focus:ring-offset-2"
          type="submit"
        >
          Save
        </button>
      </div>
    </div>
  </form>
</div>
`;
