// Jest Snapshot v1, https://goo.gl/fbAQLP

exports[`Footer should render the footer 1`] = `
<div>
  <footer
    class="mt-24 sm:mt-6 text-center flex justify-center"
  >
    <div
      class="mx-auto max-w-md overflow-hidden py-12 px-6 sm:max-w-3xl lg:max-w-7xl lg:px-8"
    >
      <div
        class="mt-8 flex justify-center space-x-6"
      >
        <a
          href="https://www.solenersync.net/dashboard"
          rel="noopener noreferrer"
        >
          <img
            alt="Solenersync"
            class="md:h-20 h-16 w-auto"
            src="logo-small.png"
          />
        </a>
      </div>
      <p
        class="mt-8 text-center text-base text-gray-400"
      >
        Â© 2022 Solenersync. All rights reserved.
      </p>
    </div>
  </footer>
</div>
`;
