// Jest Snapshot v1, https://goo.gl/fbAQLP

exports[`AddArrayCard should render the AddArrayCard 1`] = `
<div>
  <form
    action="#"
    class="mt-12 px-6 lg:px-8"
    method="POST"
  >
    <div
      class="bg-white px-4 py-5 shadow sm:rounded-lg sm:p-6"
    >
      <div
        class="md:grid md:grid-cols-2 md:gap-6"
      >
        <div
          class="md:col-span-1"
        >
          <h3
            class="text-lg font-medium leading-6 text-gray-900"
          >
            Add Array
          </h3>
        </div>
        <div
          class="mt-5 md:col-span-2 md:mt-0"
        >
          <div
            class="grid grid-cols-6 gap-6"
          >
            <div
              class="col-span-6 sm:col-span-3"
            >
              <label
                class="block text-sm font-medium text-gray-700"
                for="array-name"
              >
                Array Name
              </label>
              <input
                autocomplete="array-name"
                class="mt-1 block w-full rounded-md border-gray-300 shadow-sm focus:border-rose-500 focus:ring-rose-500 sm:text-sm"
                id="array-name"
                name="array-name"
                type="text"
              />
            </div>
            <div
              class="col-span-6 sm:col-span-3"
            >
              <label
                class="block text-sm font-medium text-gray-700"
                for="mounting"
              >
                Mounting
              </label>
              <select
                autocomplete="mounting"
                class="mt-1 block w-full rounded-md border border-gray-300 bg-white py-2 px-3 shadow-sm focus:border-rose-500 focus:outline-none focus:ring-rose-500 sm:text-sm"
                id="mounting"
                name="mounting"
              >
                <option>
                  Free Standing
                </option>
                <option>
                  Roof Mounted
                </option>
              </select>
            </div>
            <div
              class="col-span-6 sm:col-span-6 lg:col-span-2"
            >
              <label
                class="block text-sm font-medium text-gray-700"
                for="latitude"
              >
                Latitude
              </label>
              <input
                autocomplete="latitude"
                class="mt-1 block w-full rounded-md border-gray-300 shadow-sm focus:border-rose-500 focus:ring-rose-500 sm:text-sm"
                id="latitude"
                name="latitude"
                type="number"
              />
            </div>
            <div
              class="col-span-6 sm:col-span-6 lg:col-span-2"
            >
              <label
                class="block text-sm font-medium text-gray-700"
                for="longitude"
              >
                Longitude
              </label>
              <input
                autocomplete="longitude"
                class="mt-1 block w-full rounded-md border-gray-300 shadow-sm focus:border-rose-500 focus:ring-rose-500 sm:text-sm"
                id="longitude"
                name="longitude"
                type="number"
              />
            </div>
            <div
              class="col-span-6 sm:col-span-3 lg:col-span-2"
            >
              <label
                class="block text-sm font-medium text-gray-700"
                for="peakPower"
              >
                Peak Power (kW)
              </label>
              <input
                autocomplete="peakPower"
                class="mt-1 block w-full rounded-md border-gray-300 shadow-sm focus:border-rose-500 focus:ring-rose-500 sm:text-sm"
                id="peakPower"
                name="peakPower"
                type="number"
              />
            </div>
            <div
              class="col-span-6 sm:col-span-6 lg:col-span-2"
            >
              <label
                class="block text-sm font-medium text-gray-700"
                for="city"
              >
                System loss (%)
              </label>
              <input
                autocomplete="address-level2"
                class="mt-1 block w-full rounded-md border-gray-300 shadow-sm focus:border-rose-500 focus:ring-rose-500 sm:text-sm"
                id="city"
                name="city"
                type="text"
              />
            </div>
            <div
              class="col-span-6 sm:col-span-3 lg:col-span-2"
            >
              <label
                class="block text-sm font-medium text-gray-700"
                for="region"
              >
                Slope (°)
              </label>
              <input
                autocomplete="address-level1"
                class="mt-1 block w-full rounded-md border-gray-300 shadow-sm focus:border-rose-500 focus:ring-rose-500 sm:text-sm"
                id="region"
                name="region"
                type="text"
              />
            </div>
            <div
              class="col-span-6 sm:col-span-3 lg:col-span-2"
            >
              <label
                class="block text-sm font-medium text-gray-700"
                for="postal-code"
              >
                Aspect (0°)
              </label>
              <input
                autocomplete="postal-code"
                class="mt-1 block w-full rounded-md border-gray-300 shadow-sm focus:border-rose-500 focus:ring-rose-500 sm:text-sm"
                id="postal-code"
                name="postal-code"
                type="text"
              />
            </div>
          </div>
        </div>
      </div>
    </div>
    <div
      class="mt-3 flex justify-end"
    >
      <button
        class="rounded-md border border-gray-300 bg-white py-2 px-4 text-sm font-medium text-gray-700 shadow-sm hover:bg-gray-50 focus:outline-none focus:ring-2 focus:ring-rose-500 focus:ring-offset-2"
        type="button"
      >
        Cancel
      </button>
      <button
        class="ml-3 inline-flex justify-center rounded-md border border-transparent bg-rose-600 py-2 px-4 text-sm font-medium text-white shadow-sm hover:bg-rose-700 focus:outline-none focus:ring-2 focus:ring-rose-500 focus:ring-offset-2"
        type="submit"
      >
        Save
      </button>
    </div>
  </form>
</div>
`;
